exports[`test renders correctly 1`] = `
<div
  className="etff_jjjjjjj stuff">
  <div
    className="App-header">
    <img
      alt="logo"
      className="App-logo"
      src="test-file-stub" />
    <h2>
      Welcome to React
    </h2>
  </div>
  <p
    className="App-intro">
    To get started, edit 
    <code>
      src/App.js
    </code>
     and save to reload.
  </p>
  <p>
    square(2) === 
    etff_jjjjjjj
  </p>
</div>
`;
